Copyright 1986-2022 Xilinx, Inc. All Rights Reserved. Copyright 2022-2024 Advanced Micro Devices, Inc. All Rights Reserved.
---------------------------------------------------------------------------------------------------------------------------------------------
| Tool Version : Vivado v.2024.1 (lin64) Build 5076996 Wed May 22 18:36:09 MDT 2024
| Date         : Wed May 28 12:10:49 2025
| Host         : EQI07359 running 64-bit Ubuntu 22.04.1 LTS
| Command      : report_timing -nworst 1 -delay_type max -sort_by group -file reports_cva6_fpga_impl/cva6_fpga.timing.rpt
| Design       : cva6_zybo_z7_20
| Device       : 7z020-clg400
| Speed File   : -1  PRODUCTION 1.12 2019-11-22
| Design State : Routed
---------------------------------------------------------------------------------------------------------------------------------------------

Timing Report

Slack (VIOLATED) :        -1.321ns  (required time - arrival time)
  Source:                 i_ariane/i_cva6/issue_stage_i/i_scoreboard/commit_pointer_q_reg[0][0]_rep__0/C
                            (rising edge-triggered cell FDCE clocked by clk_out1_xlnx_clk_gen  {rise@0.000ns fall@10.000ns period=20.000ns})
  Destination:            i_ariane/i_cva6/issue_stage_i/i_issue_read_operands/operand_a_q_reg[10]/D
                            (rising edge-triggered cell FDCE clocked by clk_out1_xlnx_clk_gen  {rise@0.000ns fall@10.000ns period=20.000ns})
  Path Group:             clk_out1_xlnx_clk_gen
  Path Type:              Setup (Max at Slow Process Corner)
  Requirement:            20.000ns  (clk_out1_xlnx_clk_gen rise@20.000ns - clk_out1_xlnx_clk_gen rise@0.000ns)
  Data Path Delay:        21.076ns  (logic 4.230ns (20.070%)  route 16.846ns (79.930%))
  Logic Levels:           22  (LUT2=2 LUT3=2 LUT4=4 LUT5=4 LUT6=10)
  Clock Path Skew:        -0.138ns (DCD - SCD + CPR)
    Destination Clock Delay (DCD):    -1.568ns = ( 18.432 - 20.000 ) 
    Source Clock Delay      (SCD):    -0.963ns
    Clock Pessimism Removal (CPR):    0.467ns
  Clock Uncertainty:      0.079ns  ((TSJ^2 + DJ^2)^1/2) / 2 + PE
    Total System Jitter     (TSJ):    0.071ns
    Discrete Jitter          (DJ):    0.142ns
    Phase Error              (PE):    0.000ns

    Location             Delay type                Incr(ns)  Path(ns)    Netlist Resource(s)
  -------------------------------------------------------------------    -------------------
                         (clock clk_out1_xlnx_clk_gen rise edge)
                                                      0.000     0.000 r  
    K17                                               0.000     0.000 r  clk_sys (IN)
                         net (fo=0)                   0.000     0.000    i_xlnx_clk_gen/inst/clk_in1
    K17                  IBUF (Prop_ibuf_I_O)         1.475     1.475 r  i_xlnx_clk_gen/inst/clkin1_ibufg/O
                         net (fo=1, routed)           1.285     2.760    i_xlnx_clk_gen/inst/clk_in1_xlnx_clk_gen
    MMCME2_ADV_X1Y2      MMCME2_ADV (Prop_mmcme2_adv_CLKIN1_CLKOUT0)
                                                     -7.759    -4.999 r  i_xlnx_clk_gen/inst/mmcm_adv_inst/CLKOUT0
                         net (fo=1, routed)           2.206    -2.793    i_xlnx_clk_gen/inst/clk_out1_xlnx_clk_gen
    BUFGCTRL_X0Y16       BUFG (Prop_bufg_I_O)         0.101    -2.692 r  i_xlnx_clk_gen/inst/clkout1_buf/O
                         net (fo=16179, routed)       1.729    -0.963    i_ariane/i_cva6/issue_stage_i/i_scoreboard/clk_out1
    SLICE_X63Y9          FDCE                                         r  i_ariane/i_cva6/issue_stage_i/i_scoreboard/commit_pointer_q_reg[0][0]_rep__0/C
  -------------------------------------------------------------------    -------------------
    SLICE_X63Y9          FDCE (Prop_fdce_C_Q)         0.456    -0.507 r  i_ariane/i_cva6/issue_stage_i/i_scoreboard/commit_pointer_q_reg[0][0]_rep__0/Q
                         net (fo=102, routed)         0.993     0.486    i_ariane/i_cva6/issue_stage_i/i_scoreboard/commit_pointer_q_reg[0][0]_rep__0_n_3
    SLICE_X62Y9          LUT6 (Prop_lut6_I1_O)        0.124     0.610 r  i_ariane/i_cva6/issue_stage_i/i_scoreboard/speculative_read_pointer_q[1]_i_6/O
                         net (fo=25, routed)          0.989     1.599    i_ariane/i_cva6/issue_stage_i/i_scoreboard/commit_instr_id_commit[0][fu][0]
    SLICE_X64Y11         LUT3 (Prop_lut3_I2_O)        0.124     1.723 f  i_ariane/i_cva6/issue_stage_i/i_scoreboard/dcsr_q[ebreaku]_i_2/O
                         net (fo=41, routed)          0.612     2.335    i_ariane/i_cva6/issue_stage_i/i_scoreboard/dcsr_q[ebreaku]_i_2_n_3
    SLICE_X65Y11         LUT5 (Prop_lut5_I1_O)        0.124     2.459 r  i_ariane/i_cva6/issue_stage_i/i_scoreboard/dcsr_q[step]_i_20/O
                         net (fo=6, routed)           0.765     3.224    i_ariane/i_cva6/issue_stage_i/i_scoreboard/dcsr_q[step]_i_20_n_3
    SLICE_X67Y9          LUT6 (Prop_lut6_I2_O)        0.124     3.348 r  i_ariane/i_cva6/issue_stage_i/i_scoreboard/dcsr_q[step]_i_15/O
                         net (fo=6, routed)           0.652     4.000    i_ariane/i_cva6/ex_stage_i/csr_buffer_i/dcsr_q_reg[stepie]_1
    SLICE_X68Y5          LUT6 (Prop_lut6_I4_O)        0.124     4.124 r  i_ariane/i_cva6/ex_stage_i/csr_buffer_i/dcsr_q[step]_i_3/O
                         net (fo=127, routed)         0.858     4.982    i_ariane/i_cva6/ex_stage_i/csr_buffer_i/priv_lvl_q_reg[0]
    SLICE_X69Y7          LUT6 (Prop_lut6_I1_O)        0.124     5.106 r  i_ariane/i_cva6/ex_stage_i/csr_buffer_i/npc_q[0]_i_5/O
                         net (fo=3, routed)           0.360     5.466    i_ariane/i_cva6/issue_stage_i/i_scoreboard/csr_exception_csr_commit[valid]
    SLICE_X68Y7          LUT4 (Prop_lut4_I1_O)        0.124     5.590 r  i_ariane/i_cva6/issue_stage_i/i_scoreboard/npc_q[0]_i_2/O
                         net (fo=99, routed)          0.921     6.510    i_ariane/i_cva6/issue_stage_i/i_scoreboard/wfi_q_reg
    SLICE_X68Y6          LUT4 (Prop_lut4_I1_O)        0.150     6.660 f  i_ariane/i_cva6/issue_stage_i/i_scoreboard/debug_mode_q_i_9/O
                         net (fo=1, routed)           0.441     7.101    i_ariane/i_cva6/issue_stage_i/i_scoreboard/debug_mode_q_i_9_n_3
    SLICE_X68Y6          LUT6 (Prop_lut6_I5_O)        0.326     7.427 r  i_ariane/i_cva6/issue_stage_i/i_scoreboard/debug_mode_q_i_2/O
                         net (fo=6, routed)           0.808     8.235    i_ariane/i_cva6/issue_stage_i/i_scoreboard/debug_mode_q_i_2_n_3
    SLICE_X66Y10         LUT5 (Prop_lut5_I4_O)        0.150     8.385 r  i_ariane/i_cva6/issue_stage_i/i_scoreboard/npc_q[11]_i_6/O
                         net (fo=4, routed)           0.753     9.138    i_ariane/i_cva6/issue_stage_i/i_scoreboard/set_debug_pc
    SLICE_X62Y11         LUT4 (Prop_lut4_I1_O)        0.328     9.466 r  i_ariane/i_cva6/issue_stage_i/i_scoreboard/FSM_sequential_state_q[3]_i_2/O
                         net (fo=153, routed)         1.125    10.591    i_ariane/i_cva6/ex_stage_i/i_mult/i_div/flush_ctrl_ex
    SLICE_X45Y11         LUT5 (Prop_lut5_I4_O)        0.118    10.709 f  i_ariane/i_cva6/ex_stage_i/i_mult/i_div/mem_q[0][sbe][result][31]_i_9/O
                         net (fo=7, routed)           0.653    11.362    i_ariane/i_cva6/issue_stage_i/i_issue_read_operands/mult_valid_0
    SLICE_X42Y11         LUT3 (Prop_lut3_I2_O)        0.326    11.688 r  i_ariane/i_cva6/issue_stage_i/i_issue_read_operands/mem_q[0][sbe][result][31]_i_22/O
                         net (fo=50, routed)          0.674    12.362    i_ariane/i_cva6/ex_stage_i/i_mult/i_multiplier/vaddr_to_be_flushed[31]_i_64_0
    SLICE_X41Y11         LUT5 (Prop_lut5_I1_O)        0.124    12.486 r  i_ariane/i_cva6/ex_stage_i/i_mult/i_multiplier/mem_q[0][sbe][result][31]_i_18/O
                         net (fo=6, routed)           0.505    12.992    i_ariane/i_cva6/issue_stage_i/i_scoreboard/flu_trans_id_ex_id[0]
    SLICE_X42Y10         LUT6 (Prop_lut6_I3_O)        0.124    13.116 r  i_ariane/i_cva6/issue_stage_i/i_scoreboard/vaddr_to_be_flushed[31]_i_64/O
                         net (fo=7, routed)           0.590    13.706    i_ariane/i_cva6/id_stage_i/vaddr_to_be_flushed[31]_i_23
    SLICE_X39Y10         LUT2 (Prop_lut2_I1_O)        0.118    13.824 f  i_ariane/i_cva6/id_stage_i/vaddr_to_be_flushed[31]_i_26/O
                         net (fo=2, routed)           0.421    14.244    i_ariane/i_cva6/issue_stage_i/i_issue_read_operands/vaddr_to_be_flushed[0]_i_7_0
    SLICE_X39Y11         LUT6 (Prop_lut6_I2_O)        0.326    14.570 f  i_ariane/i_cva6/issue_stage_i/i_issue_read_operands/vaddr_to_be_flushed[31]_i_23/O
                         net (fo=35, routed)          0.811    15.382    i_ariane/i_cva6/issue_stage_i/i_scoreboard/vaddr_to_be_flushed[0]_i_3_0[0]
    SLICE_X40Y15         LUT4 (Prop_lut4_I2_O)        0.118    15.500 f  i_ariane/i_cva6/issue_stage_i/i_scoreboard/vaddr_to_be_flushed[31]_i_57/O
                         net (fo=6, routed)           0.543    16.043    i_ariane/i_cva6/issue_stage_i/i_scoreboard/vaddr_to_be_flushed[31]_i_57_n_3
    SLICE_X40Y16         LUT2 (Prop_lut2_I1_O)        0.326    16.369 r  i_ariane/i_cva6/issue_stage_i/i_scoreboard/vaddr_to_be_flushed[31]_i_20/O
                         net (fo=27, routed)          0.944    17.312    i_ariane/i_cva6/issue_stage_i/i_scoreboard/vaddr_to_be_flushed[31]_i_20_n_3
    SLICE_X39Y19         LUT6 (Prop_lut6_I2_O)        0.124    17.436 r  i_ariane/i_cva6/issue_stage_i/i_scoreboard/vaddr_to_be_flushed[10]_i_5/O
                         net (fo=1, routed)           0.781    18.217    i_ariane/i_cva6/issue_stage_i/i_scoreboard/vaddr_to_be_flushed[10]_i_5_n_3
    SLICE_X36Y10         LUT6 (Prop_lut6_I1_O)        0.124    18.341 r  i_ariane/i_cva6/issue_stage_i/i_scoreboard/vaddr_to_be_flushed[10]_i_2/O
                         net (fo=1, routed)           0.656    18.997    i_ariane/i_cva6/issue_stage_i/i_scoreboard/rs1_sb_iro[10]
    SLICE_X33Y8          LUT6 (Prop_lut6_I0_O)        0.124    19.121 r  i_ariane/i_cva6/issue_stage_i/i_scoreboard/vaddr_to_be_flushed[10]_i_1/O
                         net (fo=2, routed)           0.992    20.113    i_ariane/i_cva6/issue_stage_i/i_issue_read_operands/operand_a_q_reg[31]_1[10]
    SLICE_X20Y10         FDCE                                         r  i_ariane/i_cva6/issue_stage_i/i_issue_read_operands/operand_a_q_reg[10]/D
  -------------------------------------------------------------------    -------------------

                         (clock clk_out1_xlnx_clk_gen rise edge)
                                                     20.000    20.000 r  
    K17                                               0.000    20.000 r  clk_sys (IN)
                         net (fo=0)                   0.000    20.000    i_xlnx_clk_gen/inst/clk_in1
    K17                  IBUF (Prop_ibuf_I_O)         1.404    21.404 r  i_xlnx_clk_gen/inst/clkin1_ibufg/O
                         net (fo=1, routed)           1.162    22.566    i_xlnx_clk_gen/inst/clk_in1_xlnx_clk_gen
    MMCME2_ADV_X1Y2      MMCME2_ADV (Prop_mmcme2_adv_CLKIN1_CLKOUT0)
                                                     -7.814    14.752 r  i_xlnx_clk_gen/inst/mmcm_adv_inst/CLKOUT0
                         net (fo=1, routed)           2.012    16.764    i_xlnx_clk_gen/inst/clk_out1_xlnx_clk_gen
    BUFGCTRL_X0Y16       BUFG (Prop_bufg_I_O)         0.091    16.855 r  i_xlnx_clk_gen/inst/clkout1_buf/O
                         net (fo=16179, routed)       1.577    18.432    i_ariane/i_cva6/issue_stage_i/i_issue_read_operands/clk_out1
    SLICE_X20Y10         FDCE                                         r  i_ariane/i_cva6/issue_stage_i/i_issue_read_operands/operand_a_q_reg[10]/C
                         clock pessimism              0.467    18.899    
                         clock uncertainty           -0.079    18.820    
    SLICE_X20Y10         FDCE (Setup_fdce_C_D)       -0.028    18.792    i_ariane/i_cva6/issue_stage_i/i_issue_read_operands/operand_a_q_reg[10]
  -------------------------------------------------------------------
                         required time                         18.792    
                         arrival time                         -20.113    
  -------------------------------------------------------------------
                         slack                                 -1.321    

Slack (MET) :             0.516ns  (required time - arrival time)
  Source:                 i_dmi_jtag/i_dmi_jtag_tap/td_o_reg/C
                            (falling edge-triggered cell FDCE clocked by tck  {rise@0.000ns fall@50.000ns period=100.000ns})
  Destination:            tdo
                            (output port clocked by tck  {rise@0.000ns fall@50.000ns period=100.000ns})
  Path Group:             tck
  Path Type:              Max at Slow Process Corner
  Requirement:            20.000ns  (MaxDelay Path 20.000ns)
  Data Path Delay:        6.942ns  (logic 4.080ns (58.778%)  route 2.862ns (41.222%))
  Logic Levels:           1  (OBUF=1)
  Output Delay:           5.000ns
  Clock Path Skew:        -7.040ns (DCD - SCD + CPR)
    Destination Clock Delay (DCD):    0.000ns
    Source Clock Delay      (SCD):    7.040ns
    Clock Pessimism Removal (CPR):    0.000ns
  Clock Uncertainty:      0.501ns  ((TSJ^2 + TIJ^2)^1/2 + DJ) / 2 + PE
    Total System Jitter     (TSJ):    0.071ns
    Total Input Jitter      (TIJ):    1.000ns
    Discrete Jitter          (DJ):    0.000ns
    Phase Error              (PE):    0.000ns
  Timing Exception:       MaxDelay Path 20.000ns

    Location             Delay type                Incr(ns)  Path(ns)    Netlist Resource(s)
  -------------------------------------------------------------------    -------------------
                         (clock tck fall edge)        0.000     0.000 f  
    H15                                               0.000     0.000 f  tck (IN)
                         net (fo=0)                   0.000     0.000    tck
    H15                  IBUF (Prop_ibuf_I_O)         1.500     1.500 f  tck_IBUF_inst/O
                         net (fo=1, routed)           3.659     5.159    tck_IBUF
    BUFGCTRL_X0Y0        BUFG (Prop_bufg_I_O)         0.101     5.260 f  tck_IBUF_BUFG_inst/O
                         net (fo=258, routed)         1.780     7.040    i_dmi_jtag/i_dmi_jtag_tap/tck_ni
    SLICE_X90Y87         FDCE                                         r  i_dmi_jtag/i_dmi_jtag_tap/td_o_reg/C  (IS_INVERTED)
  -------------------------------------------------------------------    -------------------
    SLICE_X90Y87         FDCE (Prop_fdce_C_Q)         0.524     7.564 r  i_dmi_jtag/i_dmi_jtag_tap/td_o_reg/Q
                         net (fo=1, routed)           2.862    10.426    tdo_OBUF
    J15                  OBUF (Prop_obuf_I_O)         3.556    13.983 r  tdo_OBUF_inst/O
                         net (fo=0)                   0.000    13.983    tdo
    J15                                                               r  tdo (OUT)
  -------------------------------------------------------------------    -------------------

                         max delay                   20.000    20.000    
                         clock pessimism              0.000    20.000    
                         clock uncertainty           -0.501    19.499    
                         output delay                -5.000    14.499    
  -------------------------------------------------------------------
                         required time                         14.499    
                         arrival time                         -13.983    
  -------------------------------------------------------------------
                         slack                                  0.516    

Slack (MET) :             15.512ns  (required time - arrival time)
  Source:                 i_dm_top/i_dm_csrs/dmcontrol_q_reg[ndmreset]/C
                            (rising edge-triggered cell FDCE clocked by clk_out1_xlnx_clk_gen  {rise@0.000ns fall@10.000ns period=20.000ns})
  Destination:            i_rstgen_main/i_rstgen_bypass/synch_regs_q_reg[3]/CLR
                            (recovery check against rising-edge clock clk_out1_xlnx_clk_gen  {rise@0.000ns fall@10.000ns period=20.000ns})
  Path Group:             **async_default**
  Path Type:              Recovery (Max at Slow Process Corner)
  Requirement:            20.000ns  (clk_out1_xlnx_clk_gen rise@20.000ns - clk_out1_xlnx_clk_gen rise@0.000ns)
  Data Path Delay:        3.775ns  (logic 0.580ns (15.364%)  route 3.195ns (84.636%))
  Logic Levels:           1  (LUT2=1)
  Clock Path Skew:        -0.229ns (DCD - SCD + CPR)
    Destination Clock Delay (DCD):    -1.588ns = ( 18.412 - 20.000 ) 
    Source Clock Delay      (SCD):    -0.906ns
    Clock Pessimism Removal (CPR):    0.453ns
  Clock Uncertainty:      0.079ns  ((TSJ^2 + DJ^2)^1/2) / 2 + PE
    Total System Jitter     (TSJ):    0.071ns
    Discrete Jitter          (DJ):    0.142ns
    Phase Error              (PE):    0.000ns

    Location             Delay type                Incr(ns)  Path(ns)    Netlist Resource(s)
  -------------------------------------------------------------------    -------------------
                         (clock clk_out1_xlnx_clk_gen rise edge)
                                                      0.000     0.000 r  
    K17                                               0.000     0.000 r  clk_sys (IN)
                         net (fo=0)                   0.000     0.000    i_xlnx_clk_gen/inst/clk_in1
    K17                  IBUF (Prop_ibuf_I_O)         1.475     1.475 r  i_xlnx_clk_gen/inst/clkin1_ibufg/O
                         net (fo=1, routed)           1.285     2.760    i_xlnx_clk_gen/inst/clk_in1_xlnx_clk_gen
    MMCME2_ADV_X1Y2      MMCME2_ADV (Prop_mmcme2_adv_CLKIN1_CLKOUT0)
                                                     -7.759    -4.999 r  i_xlnx_clk_gen/inst/mmcm_adv_inst/CLKOUT0
                         net (fo=1, routed)           2.206    -2.793    i_xlnx_clk_gen/inst/clk_out1_xlnx_clk_gen
    BUFGCTRL_X0Y16       BUFG (Prop_bufg_I_O)         0.101    -2.692 r  i_xlnx_clk_gen/inst/clkout1_buf/O
                         net (fo=16179, routed)       1.786    -0.906    i_dm_top/i_dm_csrs/clk_out1
    SLICE_X105Y50        FDCE                                         r  i_dm_top/i_dm_csrs/dmcontrol_q_reg[ndmreset]/C
  -------------------------------------------------------------------    -------------------
    SLICE_X105Y50        FDCE (Prop_fdce_C_Q)         0.456    -0.450 f  i_dm_top/i_dm_csrs/dmcontrol_q_reg[ndmreset]/Q
                         net (fo=3, routed)           1.040     0.590    i_dm_top/i_dm_csrs/ndmreset
    SLICE_X107Y49        LUT2 (Prop_lut2_I0_O)        0.124     0.714 f  i_dm_top/i_dm_csrs/synch_regs_q[3]_i_1/O
                         net (fo=4, routed)           2.155     2.869    i_rstgen_main/i_rstgen_bypass/synch_regs_q_reg[3]_1
    SLICE_X70Y42         FDCE                                         f  i_rstgen_main/i_rstgen_bypass/synch_regs_q_reg[3]/CLR
  -------------------------------------------------------------------    -------------------

                         (clock clk_out1_xlnx_clk_gen rise edge)
                                                     20.000    20.000 r  
    K17                                               0.000    20.000 r  clk_sys (IN)
                         net (fo=0)                   0.000    20.000    i_xlnx_clk_gen/inst/clk_in1
    K17                  IBUF (Prop_ibuf_I_O)         1.404    21.404 r  i_xlnx_clk_gen/inst/clkin1_ibufg/O
                         net (fo=1, routed)           1.162    22.566    i_xlnx_clk_gen/inst/clk_in1_xlnx_clk_gen
    MMCME2_ADV_X1Y2      MMCME2_ADV (Prop_mmcme2_adv_CLKIN1_CLKOUT0)
                                                     -7.814    14.752 r  i_xlnx_clk_gen/inst/mmcm_adv_inst/CLKOUT0
                         net (fo=1, routed)           2.012    16.764    i_xlnx_clk_gen/inst/clk_out1_xlnx_clk_gen
    BUFGCTRL_X0Y16       BUFG (Prop_bufg_I_O)         0.091    16.855 r  i_xlnx_clk_gen/inst/clkout1_buf/O
                         net (fo=16179, routed)       1.557    18.412    i_rstgen_main/i_rstgen_bypass/clk_out1
    SLICE_X70Y42         FDCE                                         r  i_rstgen_main/i_rstgen_bypass/synch_regs_q_reg[3]/C
                         clock pessimism              0.453    18.865    
                         clock uncertainty           -0.079    18.786    
    SLICE_X70Y42         FDCE (Recov_fdce_C_CLR)     -0.405    18.381    i_rstgen_main/i_rstgen_bypass/synch_regs_q_reg[3]
  -------------------------------------------------------------------
                         required time                         18.381    
                         arrival time                          -2.869    
  -------------------------------------------------------------------
                         slack                                 15.512    




