Copyright 1986-2022 Xilinx, Inc. All Rights Reserved. Copyright 2022-2024 Advanced Micro Devices, Inc. All Rights Reserved.
---------------------------------------------------------------------------------------------------------------------------------------------
| Tool Version : Vivado v.2024.1 (lin64) Build 5076996 Wed May 22 18:36:09 MDT 2024
| Date         : Wed May 28 12:02:00 2025
| Host         : EQI07359 running 64-bit Ubuntu 22.04.1 LTS
| Command      : report_timing -nworst 1 -delay_type max -sort_by group -file reports_cva6_fpga_synth/cva6_fpga.timing.rpt
| Design       : cva6_zybo_z7_20
| Device       : 7z020-clg400
| Speed File   : -1  PRODUCTION 1.12 2019-11-22
| Design State : Synthesized
---------------------------------------------------------------------------------------------------------------------------------------------

Timing Report

Slack (VIOLATED) :        -3.142ns  (required time - arrival time)
  Source:                 i_ariane/i_cva6/issue_stage_i/i_issue_read_operands/operator_q_reg[4]/C
                            (rising edge-triggered cell FDCE clocked by clk_out1_xlnx_clk_gen  {rise@0.000ns fall@10.000ns period=20.000ns})
  Destination:            i_ariane/i_cva6/ex_stage_i/i_mult/i_multiplier/mult_result_msw_q_reg[29]/D
                            (rising edge-triggered cell FDCE clocked by clk_out1_xlnx_clk_gen  {rise@0.000ns fall@10.000ns period=20.000ns})
  Path Group:             clk_out1_xlnx_clk_gen
  Path Type:              Setup (Max at Slow Process Corner)
  Requirement:            20.000ns  (clk_out1_xlnx_clk_gen rise@20.000ns - clk_out1_xlnx_clk_gen rise@0.000ns)
  Data Path Delay:        22.993ns  (logic 13.470ns (58.582%)  route 9.523ns (41.418%))
  Logic Levels:           33  (CARRY4=19 DSP48E1=2 LUT2=4 LUT3=2 LUT4=3 LUT6=3)
  Clock Path Skew:        -0.145ns (DCD - SCD + CPR)
    Destination Clock Delay (DCD):    -2.245ns = ( 17.755 - 20.000 ) 
    Source Clock Delay      (SCD):    -1.569ns
    Clock Pessimism Removal (CPR):    0.531ns
  Clock Uncertainty:      0.079ns  ((TSJ^2 + DJ^2)^1/2) / 2 + PE
    Total System Jitter     (TSJ):    0.071ns
    Discrete Jitter          (DJ):    0.142ns
    Phase Error              (PE):    0.000ns

    Location             Delay type                Incr(ns)  Path(ns)    Netlist Resource(s)
  -------------------------------------------------------------------    -------------------
                         (clock clk_out1_xlnx_clk_gen rise edge)
                                                      0.000     0.000 r  
    K17                                               0.000     0.000 r  clk_sys (IN)
                         net (fo=0)                   0.000     0.000    i_xlnx_clk_gen/inst/clk_in1
    K17                  IBUF (Prop_ibuf_I_O)         1.475     1.475 r  i_xlnx_clk_gen/inst/clkin1_ibufg/O
                         net (fo=1, unplaced)         0.584     2.059    i_xlnx_clk_gen/inst/clk_in1_xlnx_clk_gen
                         MMCME2_ADV (Prop_mmcme2_adv_CLKIN1_CLKOUT0)
                                                     -5.113    -3.054 r  i_xlnx_clk_gen/inst/mmcm_adv_inst/CLKOUT0
                         net (fo=1, unplaced)         0.800    -2.254    i_xlnx_clk_gen/inst/clk_out1_xlnx_clk_gen
                         BUFG (Prop_bufg_I_O)         0.101    -2.153 r  i_xlnx_clk_gen/inst/clkout1_buf/O
                         net (fo=17213, unplaced)     0.584    -1.569    i_ariane/i_cva6/issue_stage_i/i_issue_read_operands/clk_out1
                         FDCE                                         r  i_ariane/i_cva6/issue_stage_i/i_issue_read_operands/operator_q_reg[4]/C
  -------------------------------------------------------------------    -------------------
                         FDCE (Prop_fdce_C_Q)         0.478    -1.091 f  i_ariane/i_cva6/issue_stage_i/i_issue_read_operands/operator_q_reg[4]/Q
                         net (fo=43, unplaced)        1.044    -0.047    i_ariane/i_cva6/issue_stage_i/i_issue_read_operands/operator_q_reg[8]_0[4]
                         LUT6 (Prop_lut6_I0_O)        0.295     0.248 r  i_ariane/i_cva6/issue_stage_i/i_issue_read_operands/mult_valid_q_i_12/O
                         net (fo=3, unplaced)         0.467     0.715    i_ariane/i_cva6/issue_stage_i/i_issue_read_operands/mult_valid_q_i_12_n_3
                         LUT4 (Prop_lut4_I3_O)        0.124     0.839 r  i_ariane/i_cva6/issue_stage_i/i_issue_read_operands/mult_valid_q_i_7/O
                         net (fo=1, unplaced)         0.902     1.741    i_ariane/i_cva6/issue_stage_i/i_issue_read_operands/mult_valid_q_i_7_n_3
                         LUT6 (Prop_lut6_I0_O)        0.124     1.865 f  i_ariane/i_cva6/issue_stage_i/i_issue_read_operands/mult_valid_q_i_2/O
                         net (fo=19, unplaced)        0.508     2.373    i_ariane/i_cva6/issue_stage_i/i_issue_read_operands/mult_valid_q_i_2_n_3
                         LUT2 (Prop_lut2_I0_O)        0.124     2.497 f  i_ariane/i_cva6/issue_stage_i/i_issue_read_operands/mult_result_d_i_34/O
                         net (fo=92, unplaced)        0.546     3.043    i_ariane/i_cva6/issue_stage_i/i_issue_read_operands/mult_result_d_i_34_n_3
                         LUT3 (Prop_lut3_I2_O)        0.124     3.167 r  i_ariane/i_cva6/issue_stage_i/i_issue_read_operands/mult_result_d_i_1/O
                         net (fo=46, unplaced)        0.800     3.967    i_ariane/i_cva6/ex_stage_i/i_mult/i_multiplier/A[16]
                         DSP48E1 (Prop_dsp48e1_B[17]_PCOUT[47])
                                                      3.851     7.818 r  i_ariane/i_cva6/ex_stage_i/i_mult/i_multiplier/mult_result_d/PCOUT[47]
                         net (fo=1, unplaced)         0.055     7.873    i_ariane/i_cva6/ex_stage_i/i_mult/i_multiplier/mult_result_d_n_109
                         DSP48E1 (Prop_dsp48e1_PCIN[47]_P[3])
                                                      1.518     9.391 r  i_ariane/i_cva6/ex_stage_i/i_mult/i_multiplier/mult_result_d__0/P[3]
                         net (fo=1, unplaced)         0.800    10.190    i_ariane/i_cva6/ex_stage_i/i_mult/i_multiplier/mult_result_d__0_n_105
                         LUT2 (Prop_lut2_I1_O)        0.124    10.314 r  i_ariane/i_cva6/ex_stage_i/i_mult/i_multiplier/mult_result_q[39]_i_4/O
                         net (fo=1, unplaced)         0.000    10.314    i_ariane/i_cva6/ex_stage_i/i_mult/i_multiplier/mult_result_q[39]_i_4_n_3
                         CARRY4 (Prop_carry4_S[1]_CO[3])
                                                      0.533    10.847 r  i_ariane/i_cva6/ex_stage_i/i_mult/i_multiplier/mult_result_q_reg[39]_i_1/CO[3]
                         net (fo=1, unplaced)         0.000    10.847    i_ariane/i_cva6/ex_stage_i/i_mult/i_multiplier/mult_result_q_reg[39]_i_1_n_3
                         CARRY4 (Prop_carry4_CI_CO[3])
                                                      0.117    10.964 r  i_ariane/i_cva6/ex_stage_i/i_mult/i_multiplier/mult_result_q_reg[43]_i_1/CO[3]
                         net (fo=1, unplaced)         0.000    10.964    i_ariane/i_cva6/ex_stage_i/i_mult/i_multiplier/mult_result_q_reg[43]_i_1_n_3
                         CARRY4 (Prop_carry4_CI_CO[3])
                                                      0.117    11.081 r  i_ariane/i_cva6/ex_stage_i/i_mult/i_multiplier/mult_result_q_reg[47]_i_1/CO[3]
                         net (fo=1, unplaced)         0.000    11.081    i_ariane/i_cva6/ex_stage_i/i_mult/i_multiplier/mult_result_q_reg[47]_i_1_n_3
                         CARRY4 (Prop_carry4_CI_CO[3])
                                                      0.117    11.198 r  i_ariane/i_cva6/ex_stage_i/i_mult/i_multiplier/mult_result_q_reg[51]_i_1/CO[3]
                         net (fo=1, unplaced)         0.000    11.198    i_ariane/i_cva6/ex_stage_i/i_mult/i_multiplier/mult_result_q_reg[51]_i_1_n_3
                         CARRY4 (Prop_carry4_CI_O[1])
                                                      0.337    11.535 r  i_ariane/i_cva6/ex_stage_i/i_mult/i_multiplier/mult_result_q_reg[55]_i_1/O[1]
                         net (fo=4, unplaced)         0.739    12.274    i_ariane/i_cva6/ex_stage_i/i_mult/i_multiplier/p_0_in[21]
                         CARRY4 (Prop_carry4_S[1]_CO[3])
                                                      0.839    13.113 r  i_ariane/i_cva6/ex_stage_i/i_mult/i_multiplier/mult_result_msw_q_reg[23]_i_13/CO[3]
                         net (fo=1, unplaced)         0.000    13.113    i_ariane/i_cva6/ex_stage_i/i_mult/i_multiplier/mult_result_msw_q_reg[23]_i_13_n_3
                         CARRY4 (Prop_carry4_CI_O[3])
                                                      0.331    13.444 r  i_ariane/i_cva6/ex_stage_i/i_mult/i_multiplier/mult_result_msw_q_reg[27]_i_13/O[3]
                         net (fo=4, unplaced)         0.642    14.086    i_ariane/i_cva6/issue_stage_i/i_issue_read_operands/temp32[27]
                         LUT3 (Prop_lut3_I0_O)        0.307    14.393 r  i_ariane/i_cva6/issue_stage_i/i_issue_read_operands/mult_result_msw_q[27]_i_14/O
                         net (fo=1, unplaced)         0.000    14.393    i_ariane/i_cva6/ex_stage_i/i_mult/i_multiplier/mult_result_msw_q[23]_i_6_0[3]
                         CARRY4 (Prop_carry4_S[3]_CO[3])
                                                      0.376    14.769 r  i_ariane/i_cva6/ex_stage_i/i_mult/i_multiplier/mult_result_msw_q_reg[27]_i_11/CO[3]
                         net (fo=1, unplaced)         0.000    14.769    i_ariane/i_cva6/issue_stage_i/i_issue_read_operands/mult_result_msw_q[27]_i_6_0[0]
                         CARRY4 (Prop_carry4_CI_O[3])
                                                      0.331    15.100 f  i_ariane/i_cva6/issue_stage_i/i_issue_read_operands/mult_result_msw_q_reg[31]_i_23/O[3]
                         net (fo=5, unplaced)         0.646    15.746    i_ariane/i_cva6/issue_stage_i/i_issue_read_operands/ex_stage_i/i_mult/i_multiplier/data1[30]
                         LUT2 (Prop_lut2_I1_O)        0.302    16.048 r  i_ariane/i_cva6/issue_stage_i/i_issue_read_operands/mult_result_msw_q[31]_i_59/O
                         net (fo=1, unplaced)         0.000    16.048    i_ariane/i_cva6/ex_stage_i/i_mult/i_multiplier/mult_result_msw_q_reg[31]_i_30[1]
                         CARRY4 (Prop_carry4_DI[3]_CO[3])
                                                      0.429    16.477 r  i_ariane/i_cva6/ex_stage_i/i_mult/i_multiplier/mult_result_msw_q_reg[31]_i_52/CO[3]
                         net (fo=1, unplaced)         0.000    16.477    i_ariane/i_cva6/issue_stage_i/i_issue_read_operands/mult_result_msw_q[31]_i_32_0[0]
                         CARRY4 (Prop_carry4_CI_CO[0])
                                                      0.281    16.758 f  i_ariane/i_cva6/issue_stage_i/i_issue_read_operands/mult_result_msw_q_reg[31]_i_30/CO[0]
                         net (fo=5, unplaced)         0.498    17.256    i_ariane/i_cva6/issue_stage_i/i_issue_read_operands/ex_stage_i/i_mult/i_multiplier/n_ov1
                         LUT4 (Prop_lut4_I0_O)        0.367    17.623 r  i_ariane/i_cva6/issue_stage_i/i_issue_read_operands/mult_result_msw_q[31]_i_21/O
                         net (fo=3, unplaced)         0.467    18.090    i_ariane/i_cva6/issue_stage_i/i_issue_read_operands/mult_result_msw_q[31]_i_21_n_3
                         LUT2 (Prop_lut2_I0_O)        0.124    18.214 r  i_ariane/i_cva6/issue_stage_i/i_issue_read_operands/mult_result_msw_q[31]_i_33/O
                         net (fo=13, unplaced)        0.952    19.166    i_ariane/i_cva6/issue_stage_i/i_issue_read_operands/mult_valid_q_reg_rep__2_5
                         LUT6 (Prop_lut6_I0_O)        0.124    19.290 r  i_ariane/i_cva6/issue_stage_i/i_issue_read_operands/mult_result_msw_q[3]_i_13/O
                         net (fo=1, unplaced)         0.449    19.739    i_ariane/i_cva6/issue_stage_i/i_issue_read_operands/mult_result_msw_q[3]_i_13_n_3
                         LUT4 (Prop_lut4_I3_O)        0.124    19.863 r  i_ariane/i_cva6/issue_stage_i/i_issue_read_operands/mult_result_msw_q[3]_i_6/O
                         net (fo=1, unplaced)         0.000    19.863    i_ariane/i_cva6/ex_stage_i/i_mult/i_multiplier/mult_result_msw_q_reg[3]_0[0]
                         CARRY4 (Prop_carry4_S[0]_CO[3])
                                                      0.513    20.376 r  i_ariane/i_cva6/ex_stage_i/i_mult/i_multiplier/mult_result_msw_q_reg[3]_i_1/CO[3]
                         net (fo=1, unplaced)         0.009    20.385    i_ariane/i_cva6/ex_stage_i/i_mult/i_multiplier/mult_result_msw_q_reg[3]_i_1_n_3
                         CARRY4 (Prop_carry4_CI_CO[3])
                                                      0.117    20.502 r  i_ariane/i_cva6/ex_stage_i/i_mult/i_multiplier/mult_result_msw_q_reg[7]_i_1/CO[3]
                         net (fo=1, unplaced)         0.000    20.502    i_ariane/i_cva6/ex_stage_i/i_mult/i_multiplier/mult_result_msw_q_reg[7]_i_1_n_3
                         CARRY4 (Prop_carry4_CI_CO[3])
                                                      0.117    20.619 r  i_ariane/i_cva6/ex_stage_i/i_mult/i_multiplier/mult_result_msw_q_reg[11]_i_1/CO[3]
                         net (fo=1, unplaced)         0.000    20.619    i_ariane/i_cva6/ex_stage_i/i_mult/i_multiplier/mult_result_msw_q_reg[11]_i_1_n_3
                         CARRY4 (Prop_carry4_CI_CO[3])
                                                      0.117    20.736 r  i_ariane/i_cva6/ex_stage_i/i_mult/i_multiplier/mult_result_msw_q_reg[15]_i_1/CO[3]
                         net (fo=1, unplaced)         0.000    20.736    i_ariane/i_cva6/ex_stage_i/i_mult/i_multiplier/mult_result_msw_q_reg[15]_i_1_n_3
                         CARRY4 (Prop_carry4_CI_CO[3])
                                                      0.117    20.853 r  i_ariane/i_cva6/ex_stage_i/i_mult/i_multiplier/mult_result_msw_q_reg[19]_i_1/CO[3]
                         net (fo=1, unplaced)         0.000    20.853    i_ariane/i_cva6/ex_stage_i/i_mult/i_multiplier/mult_result_msw_q_reg[19]_i_1_n_3
                         CARRY4 (Prop_carry4_CI_CO[3])
                                                      0.117    20.970 r  i_ariane/i_cva6/ex_stage_i/i_mult/i_multiplier/mult_result_msw_q_reg[23]_i_1/CO[3]
                         net (fo=1, unplaced)         0.000    20.970    i_ariane/i_cva6/ex_stage_i/i_mult/i_multiplier/mult_result_msw_q_reg[23]_i_1_n_3
                         CARRY4 (Prop_carry4_CI_CO[3])
                                                      0.117    21.087 r  i_ariane/i_cva6/ex_stage_i/i_mult/i_multiplier/mult_result_msw_q_reg[27]_i_1/CO[3]
                         net (fo=1, unplaced)         0.000    21.087    i_ariane/i_cva6/issue_stage_i/i_issue_read_operands/mult_result_msw_q_reg[31]_0[0]
                         CARRY4 (Prop_carry4_CI_O[1])
                                                      0.337    21.424 r  i_ariane/i_cva6/issue_stage_i/i_issue_read_operands/mult_result_msw_q_reg[31]_i_1/O[1]
                         net (fo=1, unplaced)         0.000    21.424    i_ariane/i_cva6/ex_stage_i/i_mult/i_multiplier/mult_result_msw_q_reg[31]_1[1]
                         FDCE                                         r  i_ariane/i_cva6/ex_stage_i/i_mult/i_multiplier/mult_result_msw_q_reg[29]/D
  -------------------------------------------------------------------    -------------------

                         (clock clk_out1_xlnx_clk_gen rise edge)
                                                     20.000    20.000 r  
    K17                                               0.000    20.000 r  clk_sys (IN)
                         net (fo=0)                   0.000    20.000    i_xlnx_clk_gen/inst/clk_in1
    K17                  IBUF (Prop_ibuf_I_O)         1.404    21.404 r  i_xlnx_clk_gen/inst/clkin1_ibufg/O
                         net (fo=1, unplaced)         0.439    21.843    i_xlnx_clk_gen/inst/clk_in1_xlnx_clk_gen
                         MMCME2_ADV (Prop_mmcme2_adv_CLKIN1_CLKOUT0)
                                                     -5.378    16.466 r  i_xlnx_clk_gen/inst/mmcm_adv_inst/CLKOUT0
                         net (fo=1, unplaced)         0.760    17.225    i_xlnx_clk_gen/inst/clk_out1_xlnx_clk_gen
                         BUFG (Prop_bufg_I_O)         0.091    17.316 r  i_xlnx_clk_gen/inst/clkout1_buf/O
                         net (fo=17213, unplaced)     0.439    17.755    i_ariane/i_cva6/ex_stage_i/i_mult/i_multiplier/clk_out1
                         FDCE                                         r  i_ariane/i_cva6/ex_stage_i/i_mult/i_multiplier/mult_result_msw_q_reg[29]/C
                         clock pessimism              0.531    18.286    
                         clock uncertainty           -0.079    18.206    
                         FDCE (Setup_fdce_C_D)        0.076    18.282    i_ariane/i_cva6/ex_stage_i/i_mult/i_multiplier/mult_result_msw_q_reg[29]
  -------------------------------------------------------------------
                         required time                         18.282    
                         arrival time                         -21.424    
  -------------------------------------------------------------------
                         slack                                 -3.142    

Slack (MET) :             5.757ns  (required time - arrival time)
  Source:                 i_dmi_jtag/i_dmi_jtag_tap/td_o_reg/C
                            (rising edge-triggered cell FDCE clocked by tck'  {rise@0.000ns fall@50.000ns period=100.000ns})
  Destination:            tdo
                            (output port clocked by tck  {rise@0.000ns fall@50.000ns period=100.000ns})
  Path Group:             tck
  Path Type:              Max at Slow Process Corner
  Requirement:            20.000ns  (MaxDelay Path 20.000ns)
  Data Path Delay:        5.049ns  (logic 4.249ns (84.161%)  route 0.800ns (15.839%))
  Logic Levels:           1  (OBUF=1)
  Output Delay:           5.000ns
  Clock Path Skew:        -3.693ns (DCD - SCD + CPR)
    Destination Clock Delay (DCD):    0.000ns
    Source Clock Delay      (SCD):    3.693ns
    Clock Pessimism Removal (CPR):    0.000ns
  Clock Uncertainty:      0.501ns  ((TSJ^2 + TIJ^2)^1/2 + DJ) / 2 + PE
    Total System Jitter     (TSJ):    0.071ns
    Total Input Jitter      (TIJ):    1.000ns
    Discrete Jitter          (DJ):    0.000ns
    Phase Error              (PE):    0.000ns
  Timing Exception:       MaxDelay Path 20.000ns

    Location             Delay type                Incr(ns)  Path(ns)    Netlist Resource(s)
  -------------------------------------------------------------------    -------------------
                         (clock tck fall edge)        0.000     0.000 f  
    H15                                               0.000     0.000 f  tck (IN)
                         net (fo=0)                   0.000     0.000    tck
    H15                  IBUF (Prop_ibuf_I_O)         1.500     1.500 f  tck_IBUF_inst/O
                         net (fo=1, unplaced)         0.800     2.300    tck_IBUF
                         BUFG (Prop_bufg_I_O)         0.101     2.401 f  tck_IBUF_BUFG_inst/O
                         net (fo=258, unplaced)       0.584     2.985    tck_IBUF_BUFG
                         LUT1 (Prop_lut1_I0_O)        0.124     3.109 r  td_o_reg_i_2/O
                         net (fo=1, unplaced)         0.584     3.693    i_dmi_jtag/i_dmi_jtag_tap/tck_ni
                         FDCE                                         r  i_dmi_jtag/i_dmi_jtag_tap/td_o_reg/C
  -------------------------------------------------------------------    -------------------
                         FDCE (Prop_fdce_C_Q)         0.518     4.211 r  i_dmi_jtag/i_dmi_jtag_tap/td_o_reg/Q
                         net (fo=1, unplaced)         0.800     5.011    tdo_OBUF
    J15                  OBUF (Prop_obuf_I_O)         3.731     8.742 r  tdo_OBUF_inst/O
                         net (fo=0)                   0.000     8.742    tdo
    J15                                                               r  tdo (OUT)
  -------------------------------------------------------------------    -------------------

                         max delay                   20.000    20.000    
                         clock pessimism              0.000    20.000    
                         clock uncertainty           -0.501    19.499    
                         output delay                -5.000    14.499    
  -------------------------------------------------------------------
                         required time                         14.499    
                         arrival time                          -8.742    
  -------------------------------------------------------------------
                         slack                                  5.757    

Slack (MET) :             17.010ns  (required time - arrival time)
  Source:                 i_axi_dwidth_converter_dm_slave/inst/gen_downsizer.gen_simple_downsizer.axi_downsizer_inst/USE_READ.read_addr_inst/cmd_queue/inst/fifo_gen_inst/inst_fifo_gen/gconvfifo.rf/grf.rf/rstblk/ngwrdrst.grst.g7serrst.gnsckt_wrst.gcc_rst.sckt_wr_rst_cc_reg[1]/C
                            (rising edge-triggered cell FDRE clocked by clk_out1_xlnx_clk_gen  {rise@0.000ns fall@10.000ns period=20.000ns})
  Destination:            i_axi_dwidth_converter_dm_slave/inst/gen_downsizer.gen_simple_downsizer.axi_downsizer_inst/USE_READ.read_addr_inst/cmd_queue/inst/fifo_gen_inst/inst_fifo_gen/gconvfifo.rf/grf.rf/gntv_or_sync_fifo.gl0.rd/gr1.gr1_int.rfwft/aempty_fwft_fb_i_reg/PRE
                            (recovery check against rising-edge clock clk_out1_xlnx_clk_gen  {rise@0.000ns fall@10.000ns period=20.000ns})
  Path Group:             **async_default**
  Path Type:              Recovery (Max at Slow Process Corner)
  Requirement:            20.000ns  (clk_out1_xlnx_clk_gen rise@20.000ns - clk_out1_xlnx_clk_gen rise@0.000ns)
  Data Path Delay:        2.372ns  (logic 0.773ns (32.589%)  route 1.599ns (67.411%))
  Logic Levels:           1  (LUT3=1)
  Clock Path Skew:        -0.145ns (DCD - SCD + CPR)
    Destination Clock Delay (DCD):    -2.245ns = ( 17.755 - 20.000 ) 
    Source Clock Delay      (SCD):    -1.569ns
    Clock Pessimism Removal (CPR):    0.531ns
  Clock Uncertainty:      0.079ns  ((TSJ^2 + DJ^2)^1/2) / 2 + PE
    Total System Jitter     (TSJ):    0.071ns
    Discrete Jitter          (DJ):    0.142ns
    Phase Error              (PE):    0.000ns

    Location             Delay type                Incr(ns)  Path(ns)    Netlist Resource(s)
  -------------------------------------------------------------------    -------------------
                         (clock clk_out1_xlnx_clk_gen rise edge)
                                                      0.000     0.000 r  
    K17                                               0.000     0.000 r  clk_sys (IN)
                         net (fo=0)                   0.000     0.000    i_xlnx_clk_gen/inst/clk_in1
    K17                  IBUF (Prop_ibuf_I_O)         1.475     1.475 r  i_xlnx_clk_gen/inst/clkin1_ibufg/O
                         net (fo=1, unplaced)         0.584     2.059    i_xlnx_clk_gen/inst/clk_in1_xlnx_clk_gen
                         MMCME2_ADV (Prop_mmcme2_adv_CLKIN1_CLKOUT0)
                                                     -5.113    -3.054 r  i_xlnx_clk_gen/inst/mmcm_adv_inst/CLKOUT0
                         net (fo=1, unplaced)         0.800    -2.254    i_xlnx_clk_gen/inst/clk_out1_xlnx_clk_gen
                         BUFG (Prop_bufg_I_O)         0.101    -2.153 r  i_xlnx_clk_gen/inst/clkout1_buf/O
                         net (fo=17213, unplaced)     0.584    -1.569    i_axi_dwidth_converter_dm_slave/inst/gen_downsizer.gen_simple_downsizer.axi_downsizer_inst/USE_READ.read_addr_inst/cmd_queue/inst/fifo_gen_inst/inst_fifo_gen/gconvfifo.rf/grf.rf/rstblk/clk
                         FDRE                                         r  i_axi_dwidth_converter_dm_slave/inst/gen_downsizer.gen_simple_downsizer.axi_downsizer_inst/USE_READ.read_addr_inst/cmd_queue/inst/fifo_gen_inst/inst_fifo_gen/gconvfifo.rf/grf.rf/rstblk/ngwrdrst.grst.g7serrst.gnsckt_wrst.gcc_rst.sckt_wr_rst_cc_reg[1]/C
  -------------------------------------------------------------------    -------------------
                         FDRE (Prop_fdre_C_Q)         0.478    -1.091 f  i_axi_dwidth_converter_dm_slave/inst/gen_downsizer.gen_simple_downsizer.axi_downsizer_inst/USE_READ.read_addr_inst/cmd_queue/inst/fifo_gen_inst/inst_fifo_gen/gconvfifo.rf/grf.rf/rstblk/ngwrdrst.grst.g7serrst.gnsckt_wrst.gcc_rst.sckt_wr_rst_cc_reg[1]/Q
                         net (fo=2, unplaced)         0.752    -0.339    i_axi_dwidth_converter_dm_slave/inst/gen_downsizer.gen_simple_downsizer.axi_downsizer_inst/USE_READ.read_addr_inst/cmd_queue/inst/fifo_gen_inst/inst_fifo_gen/gconvfifo.rf/grf.rf/rstblk/ngwrdrst.grst.g7serrst.gnsckt_wrst.gcc_rst.sckt_wr_rst_cc[1]
                         LUT3 (Prop_lut3_I0_O)        0.295    -0.044 f  i_axi_dwidth_converter_dm_slave/inst/gen_downsizer.gen_simple_downsizer.axi_downsizer_inst/USE_READ.read_addr_inst/cmd_queue/inst/fifo_gen_inst/inst_fifo_gen/gconvfifo.rf/grf.rf/rstblk/gpregsm1.curr_fwft_state[1]_i_2/O
                         net (fo=32, unplaced)        0.847     0.803    i_axi_dwidth_converter_dm_slave/inst/gen_downsizer.gen_simple_downsizer.axi_downsizer_inst/USE_READ.read_addr_inst/cmd_queue/inst/fifo_gen_inst/inst_fifo_gen/gconvfifo.rf/grf.rf/gntv_or_sync_fifo.gl0.rd/gr1.gr1_int.rfwft/gpregsm1.user_valid_reg_0
                         FDPE                                         f  i_axi_dwidth_converter_dm_slave/inst/gen_downsizer.gen_simple_downsizer.axi_downsizer_inst/USE_READ.read_addr_inst/cmd_queue/inst/fifo_gen_inst/inst_fifo_gen/gconvfifo.rf/grf.rf/gntv_or_sync_fifo.gl0.rd/gr1.gr1_int.rfwft/aempty_fwft_fb_i_reg/PRE
  -------------------------------------------------------------------    -------------------

                         (clock clk_out1_xlnx_clk_gen rise edge)
                                                     20.000    20.000 r  
    K17                                               0.000    20.000 r  clk_sys (IN)
                         net (fo=0)                   0.000    20.000    i_xlnx_clk_gen/inst/clk_in1
    K17                  IBUF (Prop_ibuf_I_O)         1.404    21.404 r  i_xlnx_clk_gen/inst/clkin1_ibufg/O
                         net (fo=1, unplaced)         0.439    21.843    i_xlnx_clk_gen/inst/clk_in1_xlnx_clk_gen
                         MMCME2_ADV (Prop_mmcme2_adv_CLKIN1_CLKOUT0)
                                                     -5.378    16.466 r  i_xlnx_clk_gen/inst/mmcm_adv_inst/CLKOUT0
                         net (fo=1, unplaced)         0.760    17.225    i_xlnx_clk_gen/inst/clk_out1_xlnx_clk_gen
                         BUFG (Prop_bufg_I_O)         0.091    17.316 r  i_xlnx_clk_gen/inst/clkout1_buf/O
                         net (fo=17213, unplaced)     0.439    17.755    i_axi_dwidth_converter_dm_slave/inst/gen_downsizer.gen_simple_downsizer.axi_downsizer_inst/USE_READ.read_addr_inst/cmd_queue/inst/fifo_gen_inst/inst_fifo_gen/gconvfifo.rf/grf.rf/gntv_or_sync_fifo.gl0.rd/gr1.gr1_int.rfwft/clk
                         FDPE                                         r  i_axi_dwidth_converter_dm_slave/inst/gen_downsizer.gen_simple_downsizer.axi_downsizer_inst/USE_READ.read_addr_inst/cmd_queue/inst/fifo_gen_inst/inst_fifo_gen/gconvfifo.rf/grf.rf/gntv_or_sync_fifo.gl0.rd/gr1.gr1_int.rfwft/aempty_fwft_fb_i_reg/C
                         clock pessimism              0.531    18.286    
                         clock uncertainty           -0.079    18.206    
                         FDPE (Recov_fdpe_C_PRE)     -0.394    17.812    i_axi_dwidth_converter_dm_slave/inst/gen_downsizer.gen_simple_downsizer.axi_downsizer_inst/USE_READ.read_addr_inst/cmd_queue/inst/fifo_gen_inst/inst_fifo_gen/gconvfifo.rf/grf.rf/gntv_or_sync_fifo.gl0.rd/gr1.gr1_int.rfwft/aempty_fwft_fb_i_reg
  -------------------------------------------------------------------
                         required time                         17.812    
                         arrival time                          -0.803    
  -------------------------------------------------------------------
                         slack                                 17.010    




